Makes foo.
Makes foo of foo.
Doesn't make foo.
[(none, This module has a doc..
..or two.)]
